// Jest Snapshot v1, https://goo.gl/fbAQLP

exports[`Layout renders children correctly 1`] = `
<div>
  <div
    className="root"
  >
    <div
      className="container"
    >
      <div
        className="root"
        role="navigation"
      >
        <div>
          <a
            className="link"
            href="/login"
            onClick={[Function]}
          >
            Log in
          </a>
          <span
            className="spacer"
          >
            or
          </span>
          <a
            className="link"
            href="/register"
            onClick={[Function]}
          >
            Sign up
          </a>
        </div>
      </div>
      <a
        className="brand"
        href="/timezones"
        onClick={[Function]}
      >
        <img
          alt="React"
          height="38"
          src="logo-small.png"
          srcSet="logo-small@2x.png 2x"
          width="38"
        />
        <span
          className="brandTxt"
        >
          TopTal
        </span>
      </a>
      <div
        className="banner"
      >
        <h1
          className="bannerTitle"
        >
          TopTal Timezone App
        </h1>
        <p
          className="bannerDesc"
        >
          Track Your Favorite Timezones
        </p>
      </div>
    </div>
  </div>
  <div
    className="child"
  />
</div>
`;
